MPLINK 5.09, LINKER
Linker Map File - Created Mon May 17 14:40:51 2021

                                 Section Info
                  Section       Type    Address   Location Size(Bytes)
                ---------  ---------  ---------  ---------  ---------
                   .org_0       code   0x000000    program   0x000008
                   .org_1       code   0x000004    program   0x000304
                   .cinit    romdata   0x000186    program   0x000004
                   .org_2       code   0x0001a1    program   0x0000be
.config_8007_BUILD/DEFAULT/PRODUCTION/SRC/BOO       code   0x008007    program   0x000002
.config_8008_BUILD/DEFAULT/PRODUCTION/SRC/BOO       code   0x008008    program   0x000002



                              Program Memory Usage 
                               Start         End      
                           ---------   ---------      
                            0x000000    0x000187      
                            0x0001a1    0x0001ff      
                            0x008007    0x008008      
            489 out of 8199 program addresses used, program memory utilization is 5%



                              Symbols - Sorted by Name
                     Name    Address   Location    Storage File                     
                ---------  ---------  ---------  --------- ---------                
 CONFIGURATION_0_CONSTANT   0x0001bf    program     static src\bootloader.asm       
 CONFIGURATION_DESCRIPTOR   0x0001b3    program     static src\bootloader.asm       
SERIAL_NUMBER_STRING_DESCRIPTOR   0x0001f6    program     static src\bootloader.asm       
                  _armbfs   0x00004f    program     static src\bootloader.asm       
                  _bcdone   0x0000ad    program     static src\bootloader.asm       
                   _bcopy   0x0000a4    program     static src\bootloader.asm       
        _bootloader_erase   0x0000ed    program     static src\bootloader.asm       
    _bootloader_interrupt   0x000006    program     static src\bootloader.asm       
         _bootloader_main   0x000142    program     static src\bootloader.asm       
        _bootloader_reset   0x0000d9    program     static src\bootloader.asm       
   _bootloader_set_params   0x0000de    program     static src\bootloader.asm       
        _bootloader_write   0x0000f2    program     static src\bootloader.asm       
         _check_app_entry   0x00013c    program     static src\bootloader.asm       
_check_for_pending_address   0x00008f    program     static src\bootloader.asm       
       _config_descriptor   0x000068    program     static src\bootloader.asm       
                   _cread   0x00004d    program     static src\bootloader.asm       
                  _cwrite   0x000054    program     static src\bootloader.asm       
       _device_descriptor   0x000064    program     static src\bootloader.asm       
                  _initep   0x000171    program     static src\bootloader.asm       
                    _loop   0x00001a    program     static src\bootloader.asm       
                  _ramclr   0x000164    program     static src\bootloader.asm       
_set_data_in_count_from_w   0x00006f    program     static src\bootloader.asm       
       _string_descriptor   0x00006c    program     static src\bootloader.asm       
                  _tflush   0x00016c    program     static src\bootloader.asm       
                    _ucdc   0x000018    program     static src\bootloader.asm       
              _usb_attach   0x000146    program     static src\bootloader.asm       
       _usb_ctrl_complete   0x000048    program     static src\bootloader.asm       
             _usb_ctrl_in   0x000088    program     static src\bootloader.asm       
        _usb_ctrl_invalid   0x00003d    program     static src\bootloader.asm       
          _usb_ctrl_setup   0x000029    program     static src\bootloader.asm       
   _usb_get_configuration   0x000081    program     static src\bootloader.asm       
      _usb_get_descriptor   0x000058    program     static src\bootloader.asm       
         _usb_set_address   0x000079    program     static src\bootloader.asm       
   _usb_set_configuration   0x00007b    program     static src\bootloader.asm       
                   _usben   0x000148    program     static src\bootloader.asm       
                  _utrans   0x00000c    program     static src\bootloader.asm       
                   _vloop   0x000112    program     static src\bootloader.asm       
                  _wcksum   0x000109    program     static src\bootloader.asm       
                   _wdone   0x0000f0    program     static src\bootloader.asm       
                 _wfinish   0x00010e    program     static src\bootloader.asm       
                   _wloop   0x0000fd    program     static src\bootloader.asm       
                    _wosc   0x00012c    program     static src\bootloader.asm       
           app_is_present   0x00014c    program     static src\bootloader.asm       
    arm_ep0_in_with_flags   0x000051    program     static src\bootloader.asm       
              arm_ep0_out   0x000042    program     static src\bootloader.asm       
   arm_ep0_out_with_flags   0x000043    program     static src\bootloader.asm       
               arm_ep1_in   0x0000b3    program     static src\bootloader.asm       
              arm_ep1_out   0x0000c7    program     static src\bootloader.asm       
      bootloader_exec_cmd   0x0000cc    program     static src\bootloader.asm       
     bootloader_main_loop   0x00001a    program     static src\bootloader.asm       
         bootloader_start   0x00012a    program     static src\bootloader.asm       
                 cdc_init   0x0000b0    program     static src\bootloader.asm       
              ep0_read_in   0x000096    program     static src\bootloader.asm       
             flash_unlock   0x000122    program     static src\bootloader.asm       
                      ret   0x000129    program     static src\bootloader.asm       
                 usb_init   0x000157    program     static src\bootloader.asm       
          usb_service_cdc   0x0000b8    program     static src\bootloader.asm       
          usb_service_ep0   0x000022    program     static src\bootloader.asm       



                              Symbols - Sorted by Address
                     Name    Address   Location    Storage File                     
                ---------  ---------  ---------  --------- ---------                
    _bootloader_interrupt   0x000006    program     static src\bootloader.asm       
                  _utrans   0x00000c    program     static src\bootloader.asm       
                    _ucdc   0x000018    program     static src\bootloader.asm       
     bootloader_main_loop   0x00001a    program     static src\bootloader.asm       
                    _loop   0x00001a    program     static src\bootloader.asm       
          usb_service_ep0   0x000022    program     static src\bootloader.asm       
          _usb_ctrl_setup   0x000029    program     static src\bootloader.asm       
        _usb_ctrl_invalid   0x00003d    program     static src\bootloader.asm       
              arm_ep0_out   0x000042    program     static src\bootloader.asm       
   arm_ep0_out_with_flags   0x000043    program     static src\bootloader.asm       
       _usb_ctrl_complete   0x000048    program     static src\bootloader.asm       
                   _cread   0x00004d    program     static src\bootloader.asm       
                  _armbfs   0x00004f    program     static src\bootloader.asm       
    arm_ep0_in_with_flags   0x000051    program     static src\bootloader.asm       
                  _cwrite   0x000054    program     static src\bootloader.asm       
      _usb_get_descriptor   0x000058    program     static src\bootloader.asm       
       _device_descriptor   0x000064    program     static src\bootloader.asm       
       _config_descriptor   0x000068    program     static src\bootloader.asm       
       _string_descriptor   0x00006c    program     static src\bootloader.asm       
_set_data_in_count_from_w   0x00006f    program     static src\bootloader.asm       
         _usb_set_address   0x000079    program     static src\bootloader.asm       
   _usb_set_configuration   0x00007b    program     static src\bootloader.asm       
   _usb_get_configuration   0x000081    program     static src\bootloader.asm       
             _usb_ctrl_in   0x000088    program     static src\bootloader.asm       
_check_for_pending_address   0x00008f    program     static src\bootloader.asm       
              ep0_read_in   0x000096    program     static src\bootloader.asm       
                   _bcopy   0x0000a4    program     static src\bootloader.asm       
                  _bcdone   0x0000ad    program     static src\bootloader.asm       
                 cdc_init   0x0000b0    program     static src\bootloader.asm       
               arm_ep1_in   0x0000b3    program     static src\bootloader.asm       
          usb_service_cdc   0x0000b8    program     static src\bootloader.asm       
              arm_ep1_out   0x0000c7    program     static src\bootloader.asm       
      bootloader_exec_cmd   0x0000cc    program     static src\bootloader.asm       
        _bootloader_reset   0x0000d9    program     static src\bootloader.asm       
   _bootloader_set_params   0x0000de    program     static src\bootloader.asm       
        _bootloader_erase   0x0000ed    program     static src\bootloader.asm       
                   _wdone   0x0000f0    program     static src\bootloader.asm       
        _bootloader_write   0x0000f2    program     static src\bootloader.asm       
                   _wloop   0x0000fd    program     static src\bootloader.asm       
                  _wcksum   0x000109    program     static src\bootloader.asm       
                 _wfinish   0x00010e    program     static src\bootloader.asm       
                   _vloop   0x000112    program     static src\bootloader.asm       
             flash_unlock   0x000122    program     static src\bootloader.asm       
                      ret   0x000129    program     static src\bootloader.asm       
         bootloader_start   0x00012a    program     static src\bootloader.asm       
                    _wosc   0x00012c    program     static src\bootloader.asm       
         _check_app_entry   0x00013c    program     static src\bootloader.asm       
         _bootloader_main   0x000142    program     static src\bootloader.asm       
              _usb_attach   0x000146    program     static src\bootloader.asm       
                   _usben   0x000148    program     static src\bootloader.asm       
           app_is_present   0x00014c    program     static src\bootloader.asm       
                 usb_init   0x000157    program     static src\bootloader.asm       
                  _ramclr   0x000164    program     static src\bootloader.asm       
                  _tflush   0x00016c    program     static src\bootloader.asm       
                  _initep   0x000171    program     static src\bootloader.asm       
 CONFIGURATION_DESCRIPTOR   0x0001b3    program     static src\bootloader.asm       
 CONFIGURATION_0_CONSTANT   0x0001bf    program     static src\bootloader.asm       
SERIAL_NUMBER_STRING_DESCRIPTOR   0x0001f6    program     static src\bootloader.asm       


